[2026-09-17T15:12:41Z] === ENRICH ITERATION 1 START | repo=mrmlnc/fast-glob sha=24a29c5c ===
[2026-09-17T15:12:41Z] [iter=1] PHASE START: enrich repo=mrmlnc/fast-glob sha=24a29c5c runlog=/home/runner/work/forx/forx/storage/aggregate/lsp/logs/24a29c5c-enrich-iter-001.log output=/home/runner/work/forx/forx/storage/aggregate/lsp/24a29c5c582966a95a9a8cca89b154d101434305.nq.gz
[2026-09-17T15:13:18Z] [iter=1] Step 1: Loading AST into disk-backed store mem_mb=83 MB
[2026-09-17T15:13:22Z] [iter=1] AST store loaded triples=211800 load_secs=4 mem_mb=365 MB
[2026-09-17T15:13:22Z] [iter=1] Step 2: Finding LSP targets mem_mb=365 MB
[2026-09-17T15:13:22Z] [iter=1] LSP targets found call_sites=1974 imports=0 extends=16 implements=2 secs=0
[2026-09-17T15:13:23Z] [iter=1] Step 2.7: Building position index (one-shot, shared across resolvers) mem_mb=365 MB
[2026-09-17T15:13:23Z] [iter=1] Position index built positions=14591 nodes_with_types=17204 secs=1 mem_mb=365 MB
[2026-09-17T15:13:23Z] [iter=1] Step 3: Starting LSP resolution mem_mb=365 MB already_completed_types=[] already_completed_files=0
[2026-09-17T15:13:23Z] [iter=1] Resolving target type target_type=call_site count=1974
[2026-09-17T15:13:29Z] [iter=1] HEARTBEAT target_type=call_site elapsed_min=0.8 files_done=0 resolved=0 errors=0 current=src/readers/stream.spec.ts
[2026-09-17T15:13:59Z] [iter=1] HEARTBEAT target_type=call_site elapsed_min=1.3 files_done=28 resolved=74 errors=695 current=src/benchmark/suites/regression/sync/fast-glob-previous.ts
[2026-09-17T15:14:09Z] [iter=1] Target type resolved target_type=call_site resolved=142 errors=912 secs=46 mem_mb=365 MB
[2026-09-17T15:14:09Z] [iter=1] Resolving target type target_type=extends_clause count=16
[2026-09-17T15:14:10Z] [iter=1] Target type resolved target_type=extends_clause resolved=16 errors=0 secs=1 mem_mb=365 MB
[2026-09-17T15:14:10Z] [iter=1] Resolving target type target_type=implements_clause count=2
[2026-09-17T15:14:12Z] [iter=1] Target type resolved target_type=implements_clause resolved=1 errors=0 secs=1 mem_mb=365 MB
[2026-09-17T15:14:14Z] [iter=1] Step 5: Writing final enrichment file triples=17642
[2026-09-17T15:14:14Z] [iter=1] Enrichment file written path=/home/runner/work/forx/forx/storage/aggregate/lsp/24a29c5c582966a95a9a8cca89b154d101434305.nq.gz size_kb=306
[2026-09-17T15:14:14Z] [iter=1] PHASE END: enrich elapsed_s=93 elapsed_min=1.5 total_triples=17642
